****************************************
Report : report_resources
Design : alu_64bit
Version: U-2022.12-SP6
Date   : Wed Feb  4 18:25:16 2026
****************************************
--------------------
 Design : alu_64bit 
--------------------

 Cell : RS_OP_20_49142_44100_J1/DP_OP_24_60912_12826_J0 
--------------------------------------------------------

   Module                :  DP_OP_24_60912_12826_J137985_P0_D0 
   Current Implementation:  str(area,speed)                    
   Contained Operations  :  add_9(alu_64bit.sv:9)              
                            sub_10(alu_64bit.sv:10)            
                            sub_11(alu_64bit.sv:11)            
   Has Tree              :  No                                 

                 Data                                                       
   Var     Type  Class     Width  Expression                                
  --------------------------------------------------------------------------
   PI_0    PI    Unsigned      1                                            
   PI_1    PI    Unsigned      1                                            
   PI_2    PI    Unsigned      1                                            
   PI_3    PI    Signed       64                                            
   PI_4    PI    Signed       64                                            
   T20     IFO   Signed       64  PI_3 - PI_4 (alu_64bit.sv:10 alu_64bit.sv:11 alu_64bit.sv:9) 
   T21     IFO   Signed       64  PI_4 - PI_3 (alu_64bit.sv:10 alu_64bit.sv:11 alu_64bit.sv:9) 
   T23     IFO   Unsigned     64  PI_3 + PI_4 (alu_64bit.sv:10 alu_64bit.sv:11 alu_64bit.sv:9) 
   PO_0    PO    Unsigned     64  { PI_0, PI_1, PI_2 }  ? T23 : T20 : T21 (alu_64bit.sv:10 alu_64bit.sv:11 alu_64bit.sv:9) 
  --------------------------------------------------------------------------

1
