****************************************
Report : timing
        -path_type full
        -delay_type max
        -max_paths 1
        -report_by design
Design : alu_64bit_ref
Version: U-2022.12-SP6
Date   : Wed Feb  4 17:54:05 2026
****************************************
Information: Timer using 'Estimated Delay Calculation'. (TIM-050)

  Startpoint: Oper[1] (input port clocked by clk)
  Endpoint: sum[49] (output port clocked by clk)
  Mode: func
  Corner: ss0p95v125c
  Scenario: func.ss0p95v125c
  Path Group: FEEDTHROUGH
  Path Type: max

  Point                                            Incr      Path  
  ------------------------------------------------------------------------
  clock clk (rise edge)                            0.00      0.00
  clock network delay (ideal)                      0.55      0.55
  input external delay                             0.50      1.05 f
  Oper[1] (in)                                     0.00      1.05 f
  HFSBUF_146_5310/Y (NBUFFX32_LVT)                 0.05      1.10 f
  ctmTdsLR_1_5328/Y (NOR2X2_LVT)                   0.06      1.16 r
  ZBUF_1342_inst_5501/Y (NBUFFX16_LVT)             0.05      1.20 r
  A4194/Y (AO221X1_LVT)                            0.09      1.29 r
  ctmTdsLR_1_5368/Y (NAND2X0_RVT)                  0.02      1.31 f
  A4197/Y (OA21X2_LVT)                             0.06      1.37 f
  ctmTdsLR_1_5485/Y (OA21X1_LVT)                   0.06      1.43 f
  ctmTdsLR_1_5338/Y (OA21X1_LVT)                   0.06      1.48 f
  A5161/Y (OA21X2_LVT)                             0.06      1.54 f
  HFSBUF_699_5282/Y (NBUFFX8_LVT)                  0.05      1.59 f
  ctmi_2825/Y (OA21X1_LVT)                         0.06      1.65 f
  A3921/Y (OA22X1_LVT)                             0.06      1.71 f
  ctmTdsLR_1_5378/Y (AND2X1_LVT)                   0.05      1.76 f
  ctmTdsLR_2_5379/Y (NAND2X4_LVT)                  0.04      1.79 r
  sum[49] (out)                                    0.00      1.79 r
  data arrival time                                          1.79

  clock clk (rise edge)                            1.26      1.26
  clock network delay (ideal)                      0.50      1.76
  clock uncertainty                               -0.20      1.56
  output external delay                           -0.60      0.96
  data required time                                         0.96
  ------------------------------------------------------------------------
  data required time                                         0.96
  data arrival time                                         -1.79
  ------------------------------------------------------------------------
  slack (VIOLATED)                                          -0.84


1
