****************************************
Report : qor
Design : alu_64bit
Version: U-2022.12-SP6
Date   : Wed Feb  4 17:56:04 2026
****************************************
Information: Timer using 'Estimated Delay Calculation'. (TIM-050)


Scenario           'func.ss0p95v125c'
Timing Path Group  'FEEDTHROUGH'
----------------------------------------
Levels of Logic:                     14
Critical Path Length:              1.24
Critical Path Slack:              -0.86
Critical Path Clk Period:          1.24
Total Negative Slack:            -51.35
No. of Violating Paths:              64
----------------------------------------


Cell Count
----------------------------------------
Hierarchical Cell Count:              0
Hierarchical Port Count:              0
Leaf Cell Count:                   2113
Buf/Inv Cell Count:                 298
Buf Cell Count:                      35
Inv Cell Count:                     263
Combinational Cell Count:          2113
   Single-bit Isolation Cell Count:                        0
   Multi-bit Isolation Cell Count:                         0
   Isolation Cell Banking Ratio:                           0.00%
   Single-bit Level Shifter Cell Count:                    0
   Multi-bit Level Shifter Cell Count:                     0
   Level Shifter Cell Banking Ratio:                       0.00%
   Single-bit ELS Cell Count:                              0
   Multi-bit ELS Cell Count:                               0
   ELS Cell Banking Ratio:                                 0.00%
Sequential Cell Count:                0
   Integrated Clock-Gating Cell Count:                     0
   Sequential Macro Cell Count:                            0
   Single-bit Sequential Cell Count:                       0
   Multi-bit Sequential Cell Count:                        0
   Sequential Cell Banking Ratio:                          0.00%
   BitsPerflop:                                            0.00
Macro Count:                          0
----------------------------------------


Area
----------------------------------------
Combinational Area:             4471.16
Noncombinational Area:             0.00
Buf/Inv Area:                    531.92
Total Buffer Area:               166.72
Total Inverter Area:             365.20
Macro/Black Box Area:              0.00
Net Area:                             0
Net XLength:                    8241.31
Net YLength:                   14109.29
----------------------------------------
Cell Area (netlist):                           4471.16
Cell Area (netlist and physical only):         4471.15
Net Length:                    22350.60


Design Rules
----------------------------------------
Total Number of Nets:              2289
Nets with Violations:                 1
Max Trans Violations:                 0
Max Cap Violations:                   1
----------------------------------------

1
