****************************************
Report : timing
        -path_type full
        -delay_type max
        -max_paths 1
        -report_by design
Design : alu_64bit
Version: U-2022.12-SP6
Date   : Wed Feb  4 17:56:04 2026
****************************************
Information: Timer using 'Estimated Delay Calculation'. (TIM-050)

  Startpoint: Oper[0] (input port clocked by clk)
  Endpoint: sum[61] (output port clocked by clk)
  Mode: func
  Corner: ss0p95v125c
  Scenario: func.ss0p95v125c
  Path Group: FEEDTHROUGH
  Path Type: max

  Point                                            Incr      Path  
  ------------------------------------------------------------------------
  clock clk (rise edge)                            0.00      0.00
  clock network delay (ideal)                      0.55      0.55
  input external delay                             0.50      1.05 r
  Oper[0] (in)                                     0.00      1.05 r
  HFSBUF_399_4922/Y (NBUFFX32_LVT)                 0.05      1.10 r
  A4449/Y (NOR2X2_LVT)                             0.05      1.15 f
  HFSBUF_2366_4920/Y (NBUFFX32_LVT)                0.05      1.20 f
  ctmi_2345/Y (AO21X1_LVT)                         0.06      1.27 f
  A4506/Y (AND2X1_RVT)                             0.05      1.31 f
  A4507/Y (OA21X1_LVT)                             0.06      1.37 f
  A4510/Y (OA21X2_LVT)                             0.06      1.44 f
  ctmTdsLR_1_5035/Y (OA21X1_LVT)                   0.06      1.49 f
  A4597/Y (OA21X1_LVT)                             0.05      1.55 f
  A4611/Y (OA21X1_LVT)                             0.06      1.60 f
  HFSBUF_1006_4914/Y (NBUFFX16_LVT)                0.05      1.65 f
  A4465/Y (OR2X1_LVT)                              0.05      1.70 f
  A4466/Y (NAND2X0_LVT)                            0.03      1.73 r
  A4303/Y (AO21X2_LVT)                             0.06      1.79 r
  sum[61] (out)                                    0.00      1.79 r
  data arrival time                                          1.79

  clock clk (rise edge)                            1.24      1.24
  clock network delay (ideal)                      0.50      1.74
  clock uncertainty                               -0.20      1.54
  output external delay                           -0.60      0.94
  data required time                                         0.94
  ------------------------------------------------------------------------
  data required time                                         0.94
  data arrival time                                         -1.79
  ------------------------------------------------------------------------
  slack (VIOLATED)                                          -0.86


1
