****************************************
Report : qor
Design : alu_64bit
Version: U-2022.12-SP6
Date   : Wed Feb  4 18:19:21 2026
****************************************
Information: Timer using 'Estimated Delay Calculation'. (TIM-050)


Scenario           'func.ss0p95v125c'
Timing Path Group  'FEEDTHROUGH'
----------------------------------------
Levels of Logic:                     32
Critical Path Length:              2.36
Critical Path Slack:               0.72
Critical Path Clk Period:          3.93
Total Negative Slack:              0.00
No. of Violating Paths:               0
----------------------------------------


Cell Count
----------------------------------------
Hierarchical Cell Count:              0
Hierarchical Port Count:              0
Leaf Cell Count:                    980
Buf/Inv Cell Count:                 141
Buf Cell Count:                      20
Inv Cell Count:                     121
Combinational Cell Count:           980
   Single-bit Isolation Cell Count:                        0
   Multi-bit Isolation Cell Count:                         0
   Isolation Cell Banking Ratio:                           0.00%
   Single-bit Level Shifter Cell Count:                    0
   Multi-bit Level Shifter Cell Count:                     0
   Level Shifter Cell Banking Ratio:                       0.00%
   Single-bit ELS Cell Count:                              0
   Multi-bit ELS Cell Count:                               0
   ELS Cell Banking Ratio:                                 0.00%
Sequential Cell Count:                0
   Integrated Clock-Gating Cell Count:                     0
   Sequential Macro Cell Count:                            0
   Single-bit Sequential Cell Count:                       0
   Multi-bit Sequential Cell Count:                        0
   Sequential Cell Banking Ratio:                          0.00%
   BitsPerflop:                                            0.00
Macro Count:                          0
----------------------------------------


Area
----------------------------------------
Combinational Area:             2573.72
Noncombinational Area:             0.00
Buf/Inv Area:                    234.07
Total Buffer Area:                68.62
Total Inverter Area:             165.45
Macro/Black Box Area:              0.00
Net Area:                             0
Net XLength:                    5132.32
Net YLength:                    9734.81
----------------------------------------
Cell Area (netlist):                           2573.72
Cell Area (netlist and physical only):         2573.72
Net Length:                    14867.12


Design Rules
----------------------------------------
Total Number of Nets:              1111
Nets with Violations:                 3
Max Trans Violations:                 0
Max Cap Violations:                   3
----------------------------------------

1
