****************************************
Report : timing
        -path_type full
        -delay_type max
        -max_paths 1
        -report_by design
Design : alu_64bit_ref
Version: U-2022.12-SP6
Date   : Wed Feb  4 18:02:27 2026
****************************************
Information: Timer using 'Estimated Delay Calculation'. (TIM-050)

  Startpoint: Oper[0] (input port clocked by clk)
  Endpoint: sum[57] (output port clocked by clk)
  Mode: func
  Corner: ss0p95v125c
  Scenario: func.ss0p95v125c
  Path Group: FEEDTHROUGH
  Path Type: max

  Point                                            Incr      Path  
  ------------------------------------------------------------------------
  clock clk (rise edge)                            0.00      0.00
  clock network delay (ideal)                      0.55      0.55
  input external delay                             0.50      1.05 r
  Oper[0] (in)                                     0.00      1.05 r
  A3106/Y (INVX32_LVT)                             0.04      1.09 f
  ctmTdsLR_1_3656/Y (AND3X4_LVT)                   0.06      1.15 f
  ZINV_1534_inst_3661/Y (INVX8_LVT)                0.02      1.18 r
  ZINV_876_inst_3660/Y (INVX8_LVT)                 0.04      1.22 f
  A3099/Y (AO22X1_LVT)                             0.06      1.28 f
  ctmi_1697/Y (OR2X1_LVT)                          0.05      1.33 f
  ctmi_1703/Y (AO21X1_LVT)                         0.06      1.39 f
  ctmTdsLR_3_3588/Y (AND3X1_LVT)                   0.06      1.45 f
  ctmTdsLR_4_3589/Y (OR3X2_LVT)                    0.06      1.50 f
  ctmTdsLR_2_3591/Y (AO21X1_LVT)                   0.06      1.56 f
  ZBUF_426_inst_3560/Y (NBUFFX8_LVT)               0.04      1.61 f
  A2947/Y (AO21X1_LVT)                             0.06      1.66 f
  A3480/Y (AO21X2_LVT)                             0.06      1.73 f
  HFSBUF_259_3526/Y (NBUFFX16_LVT)                 0.05      1.77 f
  A3288/Y (NAND2X0_LVT)                            0.04      1.81 r
  ctmTdsLR_3_3572/Y (MUX21X1_LVT)                  0.07      1.88 f
  ctmTdsLR_4_3573/Y (OR2X2_LVT)                    0.05      1.93 f
  sum[57] (out)                                    0.00      1.93 f
  data arrival time                                          1.93

  clock clk (rise edge)                            2.22      2.22
  clock network delay (ideal)                      0.50      2.72
  clock uncertainty                               -0.20      2.52
  output external delay                           -0.60      1.92
  data required time                                         1.92
  ------------------------------------------------------------------------
  data required time                                         1.92
  data arrival time                                         -1.93
  ------------------------------------------------------------------------
  slack (VIOLATED)                                          -0.01


1
