****************************************
Report : timing
        -path_type full
        -delay_type max
        -max_paths 1
        -report_by design
Design : alu_64bit
Version: U-2022.12-SP6
Date   : Wed Feb  4 18:24:06 2026
****************************************
Information: Timer using 'Estimated Delay Calculation'. (TIM-050)

  Startpoint: Oper[2] (input port clocked by clk)
  Endpoint: sum[62] (output port clocked by clk)
  Mode: func
  Corner: ss0p95v125c
  Scenario: func.ss0p95v125c
  Path Group: FEEDTHROUGH
  Path Type: max

  Point                                            Incr      Path  
  ------------------------------------------------------------------------
  clock clk (rise edge)                            0.00      0.00
  clock network delay (ideal)                      0.55      0.55
  input external delay                             0.50      1.05 f
  Oper[2] (in)                                     0.00      1.05 f
  A461/Y (OR3X4_RVT)                               0.05      1.10 f
  HFSINV_392_1429/Y (INVX8_LVT)                    0.06      1.16 r
  RS_OP_20_49142_44100_J1/DP_OP_24_60912_12826_J0/ctmi_475/Y (OR2X1_LVT)
                                                   0.05      1.21 r
  HFSBUF_381_1424/Y (NBUFFX8_LVT)                  0.05      1.26 r
  RS_OP_20_49142_44100_J1/DP_OP_24_60912_12826_J0/ctmi_754/Y (AO22X1_RVT)
                                                   0.07      1.32 r
  ctmi_1307/Y (NOR2X0_RVT)                         0.06      1.38 f
  ctmi_1310/Y (INVX1_RVT)                          0.02      1.40 r
  RS_OP_20_49142_44100_J1/DP_OP_24_60912_12826_J0/ctmi_746/Y (NAND2X0_RVT)
                                                   0.03      1.43 f
  RS_OP_20_49142_44100_J1/DP_OP_24_60912_12826_J0/ctmi_759/Y (OR2X1_HVT)
                                                   0.05      1.47 f
  RS_OP_20_49142_44100_J1/DP_OP_24_60912_12826_J0/ctmi_731/Y (OA221X1_LVT)
                                                   0.08      1.55 f
  RS_OP_20_49142_44100_J1/DP_OP_24_60912_12826_J0/ctmi_667/Y (OA221X2_RVT)
                                                   0.08      1.63 f
  RS_OP_20_49142_44100_J1/DP_OP_24_60912_12826_J0/ctmi_548/Y (OA221X2_HVT)
                                                   0.08      1.70 f
  RS_OP_20_49142_44100_J1/DP_OP_24_60912_12826_J0/ctmi_547/Y (OA221X1_LVT)
                                                   0.08      1.78 f
  RS_OP_20_49142_44100_J1/DP_OP_24_60912_12826_J0/ctmi_546/Y (OA21X1_LVT)
                                                   0.06      1.84 f
  RS_OP_20_49142_44100_J1/DP_OP_24_60912_12826_J0/ctmi_541/Y (OA21X1_RVT)
                                                   0.06      1.90 f
  RS_OP_20_49142_44100_J1/DP_OP_24_60912_12826_J0/ctmi_540/Y (OA21X1_LVT)
                                                   0.06      1.95 f
  RS_OP_20_49142_44100_J1/DP_OP_24_60912_12826_J0/ctmi_535/Y (OA21X1_LVT)
                                                   0.06      2.01 f
  RS_OP_20_49142_44100_J1/DP_OP_24_60912_12826_J0/ctmi_534/Y (OA21X1_HVT)
                                                   0.06      2.07 f
  RS_OP_20_49142_44100_J1/DP_OP_24_60912_12826_J0/ctmi_529/Y (OA21X1_LVT)
                                                   0.06      2.13 f
  RS_OP_20_49142_44100_J1/DP_OP_24_60912_12826_J0/ctmi_528/Y (OA21X1_LVT)
                                                   0.06      2.18 f
  RS_OP_20_49142_44100_J1/DP_OP_24_60912_12826_J0/ctmi_523/Y (OA21X1_RVT)
                                                   0.06      2.24 f
  RS_OP_20_49142_44100_J1/DP_OP_24_60912_12826_J0/ctmi_522/Y (OA21X1_LVT)
                                                   0.06      2.30 f
  RS_OP_20_49142_44100_J1/DP_OP_24_60912_12826_J0/ctmi_517/Y (OA21X1_LVT)
                                                   0.06      2.36 f
  RS_OP_20_49142_44100_J1/DP_OP_24_60912_12826_J0/ctmi_516/Y (OA21X1_RVT)
                                                   0.06      2.41 f
  RS_OP_20_49142_44100_J1/DP_OP_24_60912_12826_J0/ctmi_511/Y (OA21X1_LVT)
                                                   0.06      2.47 f
  RS_OP_20_49142_44100_J1/DP_OP_24_60912_12826_J0/ctmi_510/Y (OA21X1_LVT)
                                                   0.06      2.53 f
  RS_OP_20_49142_44100_J1/DP_OP_24_60912_12826_J0/ctmi_505/Y (OA21X1_RVT)
                                                   0.06      2.59 f
  RS_OP_20_49142_44100_J1/DP_OP_24_60912_12826_J0/ctmi_504/Y (OA21X1_LVT)
                                                   0.06      2.64 f
  RS_OP_20_49142_44100_J1/DP_OP_24_60912_12826_J0/ctmi_499/Y (OA21X1_LVT)
                                                   0.06      2.70 f
  RS_OP_20_49142_44100_J1/DP_OP_24_60912_12826_J0/ctmi_498/Y (OA21X1_RVT)
                                                   0.06      2.76 f
  RS_OP_20_49142_44100_J1/DP_OP_24_60912_12826_J0/ctmi_493/Y (OA21X1_LVT)
                                                   0.06      2.82 f
  RS_OP_20_49142_44100_J1/DP_OP_24_60912_12826_J0/ctmi_492/Y (OA21X1_LVT)
                                                   0.06      2.87 f
  RS_OP_20_49142_44100_J1/DP_OP_24_60912_12826_J0/ctmi_487/Y (OA21X1_RVT)
                                                   0.06      2.93 f
  RS_OP_20_49142_44100_J1/DP_OP_24_60912_12826_J0/ctmi_486/Y (OA21X1_LVT)
                                                   0.06      2.99 f
  RS_OP_20_49142_44100_J1/DP_OP_24_60912_12826_J0/ctmi_481/Y (OA21X1_LVT)
                                                   0.06      3.04 f
  RS_OP_20_49142_44100_J1/DP_OP_24_60912_12826_J0/ctmi_480/Y (OA21X1_RVT)
                                                   0.06      3.10 f
  RS_OP_20_49142_44100_J1/DP_OP_24_60912_12826_J0/ctmi_472/Y (OA21X1_LVT)
                                                   0.06      3.16 f
  RS_OP_20_49142_44100_J1/DP_OP_24_60912_12826_J0/ctmi_946/Y (XOR2X1_HVT)
                                                   0.06      3.22 r
  ctmi_3895/Y (AO222X1_RVT)                        0.10      3.32 r
  ctmi_3893/Y (OR2X1_HVT)                          0.05      3.37 r
  sum[62] (out)                                    0.00      3.37 r
  data arrival time                                          3.37

  clock clk (rise edge)                            4.72      4.72
  clock network delay (ideal)                      0.50      5.22
  clock uncertainty                               -0.20      5.02
  output external delay                           -0.60      4.42
  data required time                                         4.42
  ------------------------------------------------------------------------
  data required time                                         4.42
  data arrival time                                         -3.37
  ------------------------------------------------------------------------
  slack (MET)                                                1.05


1
