Archive member included to satisfy reference by file (symbol)

/tools/riscv/lib/gcc/riscv32-unknown-elf/10.2.0/../../../../riscv32-unknown-elf/lib/libm.a(lib_a-s_modf.o)
                              /tmp/ccByqIOI.o (modf)
/tools/riscv/lib/gcc/riscv32-unknown-elf/10.2.0/../../../../riscv32-unknown-elf/lib/libm.a(lib_a-s_fpclassify.o)
                              /tools/riscv/lib/gcc/riscv32-unknown-elf/10.2.0/../../../../riscv32-unknown-elf/lib/libm.a(lib_a-s_modf.o) (__fpclassifyd)
/tools/riscv/lib/gcc/riscv32-unknown-elf/10.2.0/libgcc.a(adddf3.o)
                              /tmp/ccByqIOI.o (__adddf3)
/tools/riscv/lib/gcc/riscv32-unknown-elf/10.2.0/libgcc.a(divdf3.o)
                              /tmp/ccX9HMX9.o (__divdf3)
/tools/riscv/lib/gcc/riscv32-unknown-elf/10.2.0/libgcc.a(eqdf2.o)
                              /tmp/ccByqIOI.o (__nedf2)
/tools/riscv/lib/gcc/riscv32-unknown-elf/10.2.0/libgcc.a(gedf2.o)
                              /tmp/ccX9HMX9.o (__gtdf2)
/tools/riscv/lib/gcc/riscv32-unknown-elf/10.2.0/libgcc.a(ledf2.o)
                              /tmp/ccX9HMX9.o (__ltdf2)
/tools/riscv/lib/gcc/riscv32-unknown-elf/10.2.0/libgcc.a(muldf3.o)
                              /tmp/ccByqIOI.o (__muldf3)
/tools/riscv/lib/gcc/riscv32-unknown-elf/10.2.0/libgcc.a(subdf3.o)
                              /tools/riscv/lib/gcc/riscv32-unknown-elf/10.2.0/../../../../riscv32-unknown-elf/lib/libm.a(lib_a-s_modf.o) (__subdf3)
/tools/riscv/lib/gcc/riscv32-unknown-elf/10.2.0/libgcc.a(fixdfsi.o)
                              /tmp/ccByqIOI.o (__fixdfsi)
/tools/riscv/lib/gcc/riscv32-unknown-elf/10.2.0/libgcc.a(fixunsdfsi.o)
                              /tmp/ccX9HMX9.o (__fixunsdfsi)
/tools/riscv/lib/gcc/riscv32-unknown-elf/10.2.0/libgcc.a(floatunsidf.o)
                              /tmp/ccX9HMX9.o (__floatunsidf)
/tools/riscv/lib/gcc/riscv32-unknown-elf/10.2.0/libgcc.a(divsf3.o)
                              /tmp/ccJdcys3.o (__divsf3)
/tools/riscv/lib/gcc/riscv32-unknown-elf/10.2.0/libgcc.a(floatunsisf.o)
                              /tmp/ccJdcys3.o (__floatunsisf)
/tools/riscv/lib/gcc/riscv32-unknown-elf/10.2.0/libgcc.a(extendsfdf2.o)
                              /tmp/ccJdcys3.o (__extendsfdf2)
/tools/riscv/lib/gcc/riscv32-unknown-elf/10.2.0/libgcc.a(_clzsi2.o)
                              /tools/riscv/lib/gcc/riscv32-unknown-elf/10.2.0/libgcc.a(adddf3.o) (__clzsi2)
/tools/riscv/lib/gcc/riscv32-unknown-elf/10.2.0/libgcc.a(_clz.o)
                              /tools/riscv/lib/gcc/riscv32-unknown-elf/10.2.0/libgcc.a(_clzsi2.o) (__clz_tab)

Memory Configuration

Name             Origin             Length             Attributes
ram              0x0000000000100000 0x0000000000030000
stack            0x0000000000130000 0x0000000000008000
*default*        0x0000000000000000 0xffffffffffffffff

Linker script and memory map

LOAD /tmp/ccn7ocvr.o
LOAD /tmp/ccX9HMX9.o
LOAD /tmp/ccbRxZWS.o
LOAD /tmp/ccKzGhSS.o
LOAD /tmp/ccxN6kys.o
LOAD /tmp/ccJdcys3.o
LOAD /tmp/ccCDmj1s.o
LOAD /tmp/ccByqIOI.o
LOAD /tmp/ccH5YVmS.o
LOAD /tmp/ccRSZQf6.o
LOAD /tools/riscv/lib/gcc/riscv32-unknown-elf/10.2.0/../../../../riscv32-unknown-elf/lib/libm.a
LOAD /tools/riscv/lib/gcc/riscv32-unknown-elf/10.2.0/libgcc.a
                0x0000000000002000                _min_stack = 0x2000
                0x0000000000008000                _stack_len = LENGTH (stack)
                0x0000000000138000                _stack_start = (ORIGIN (stack) + LENGTH (stack))
                0x0000000000100080                _entry_point = (_vectors_start + 0x80)
                0x0000000000020008                tohost = 0x20008
                0x0000000000138010                fromhost = (_stack_start + 0x10)

.vectors        0x0000000000100000       0x84
                0x0000000000100000                . = ALIGN (0x4)
                0x0000000000100000                _vectors_start = .
 *(.vectors)
 .vectors       0x0000000000100000       0x84 /tmp/ccH5YVmS.o
                0x0000000000100084                _vectors_end = .

.text           0x0000000000100090     0xd7d0
                0x0000000000100090                . = ALIGN (0x4)
 *(.text)
 .text          0x0000000000100090     0x15b0 /tmp/ccn7ocvr.o
                0x0000000000100090                calc_func
                0x00000000001001d0                cmp_complex
                0x00000000001003d0                cmp_idx
                0x0000000000100430                copy_info
                0x0000000000100450                core_bench_list
                0x0000000000100cc0                core_list_init
                0x0000000000101250                core_list_insert_new
                0x00000000001012b0                core_list_remove
                0x00000000001012e0                core_list_undo_remove
                0x0000000000101300                core_list_find
                0x0000000000101360                core_list_reverse
                0x0000000000101410                core_list_mergesort
 *fill*         0x0000000000101640        0x0 
 .text          0x0000000000101640       0xa4 /tmp/ccX9HMX9.o
                0x0000000000101640                iterate
 *fill*         0x00000000001016e4        0xc 
 .text          0x00000000001016f0     0x2b1c /tmp/ccbRxZWS.o
                0x00000000001016f0                matrix_test
                0x0000000000102e30                core_bench_matrix
                0x0000000000102e70                core_init_matrix
                0x0000000000103290                matrix_sum
                0x0000000000103730                matrix_mul_const
                0x00000000001038f0                matrix_add_const
                0x0000000000103b50                matrix_mul_vect
                0x0000000000103d70                matrix_mul_matrix
                0x0000000000103ff0                matrix_mul_matrix_bitextract
 *fill*         0x000000000010420c        0x4 
 .text          0x0000000000104210      0x920 /tmp/ccKzGhSS.o
                0x0000000000104210                core_init_state
                0x00000000001044d0                core_state_transition
                0x00000000001047f0                core_bench_state
 *fill*         0x0000000000104b30        0x0 
 .text          0x0000000000104b30      0xbfc /tmp/ccxN6kys.o
                0x0000000000104b30                get_seed_32
                0x0000000000104ba0                crcu8
                0x0000000000104ce0                crcu16
                0x0000000000104f70                crcu32
                0x0000000000105490                crc16
                0x0000000000105720                check_data_types
 *fill*         0x000000000010572c        0x4 
 .text          0x0000000000105730      0x258 /tmp/ccJdcys3.o
                0x0000000000105730                barebones_clock
                0x0000000000105740                pcount_read
                0x00000000001057a0                dump_pcounts
                0x0000000000105830                start_time
                0x0000000000105870                stop_time
                0x0000000000105890                get_time
                0x00000000001058b0                time_in_secs
                0x00000000001058e0                portable_init
                0x0000000000105920                portable_fini
 *fill*         0x0000000000105988        0x8 
 .text          0x0000000000105990     0x3878 /tmp/ccCDmj1s.o
                0x00000000001063b0                ee_printf
 *fill*         0x0000000000109208        0x8 
 .text          0x0000000000109210      0xda0 /tmp/ccByqIOI.o
                0x0000000000109f70                ecvt
                0x0000000000109f80                ecvtbuf
                0x0000000000109f90                fcvt
                0x0000000000109fa0                fcvtbuf
 .text          0x0000000000109fb0       0xd0 /tmp/ccH5YVmS.o
                0x000000000010a03c                _start
 .text          0x000000000010a080      0xcb4 /tmp/ccRSZQf6.o
                0x000000000010a080                putchar
                0x000000000010a090                puts
                0x000000000010a110                puthex
                0x000000000010a2c0                sim_halt
                0x000000000010a2d0                pcount_reset
                0x000000000010a3d0                get_mepc
                0x000000000010a3e0                get_mcause
                0x000000000010a3f0                get_mtval
                0x000000000010a400                simple_exc_handler
                0x000000000010aa60                timer_enable
                0x000000000010ab40                timer_disable
                0x000000000010ab50                timer_read
                0x000000000010abe0                timecmp_update
                0x000000000010ac00                get_elapsed_time
                0x000000000010ac10                simple_timer_handler
 .text          0x000000000010ad34       0xda /tools/riscv/lib/gcc/riscv32-unknown-elf/10.2.0/../../../../riscv32-unknown-elf/lib/libm.a(lib_a-s_modf.o)
                0x000000000010ad34                modf
 .text          0x000000000010ae0e       0x42 /tools/riscv/lib/gcc/riscv32-unknown-elf/10.2.0/../../../../riscv32-unknown-elf/lib/libm.a(lib_a-s_fpclassify.o)
                0x000000000010ae0e                __fpclassifyd
 .text          0x000000000010ae50      0x60a /tools/riscv/lib/gcc/riscv32-unknown-elf/10.2.0/libgcc.a(adddf3.o)
                0x000000000010ae50                __adddf3
 .text          0x000000000010b45a      0x53e /tools/riscv/lib/gcc/riscv32-unknown-elf/10.2.0/libgcc.a(divdf3.o)
                0x000000000010b45a                __divdf3
 .text          0x000000000010b998       0x6a /tools/riscv/lib/gcc/riscv32-unknown-elf/10.2.0/libgcc.a(eqdf2.o)
                0x000000000010b998                __eqdf2
                0x000000000010b998                __nedf2
 .text          0x000000000010ba02       0xa6 /tools/riscv/lib/gcc/riscv32-unknown-elf/10.2.0/libgcc.a(gedf2.o)
                0x000000000010ba02                __gtdf2
                0x000000000010ba02                __gedf2
 .text          0x000000000010baa8       0xa6 /tools/riscv/lib/gcc/riscv32-unknown-elf/10.2.0/libgcc.a(ledf2.o)
                0x000000000010baa8                __ltdf2
                0x000000000010baa8                __ledf2
 .text          0x000000000010bb4e      0x440 /tools/riscv/lib/gcc/riscv32-unknown-elf/10.2.0/libgcc.a(muldf3.o)
                0x000000000010bb4e                __muldf3
 .text          0x000000000010bf8e      0x618 /tools/riscv/lib/gcc/riscv32-unknown-elf/10.2.0/libgcc.a(subdf3.o)
                0x000000000010bf8e                __subdf3
 .text          0x000000000010c5a6       0x64 /tools/riscv/lib/gcc/riscv32-unknown-elf/10.2.0/libgcc.a(fixdfsi.o)
                0x000000000010c5a6                __fixdfsi
 .text          0x000000000010c60a       0x60 /tools/riscv/lib/gcc/riscv32-unknown-elf/10.2.0/libgcc.a(fixunsdfsi.o)
                0x000000000010c60a                __fixunsdfsi
 .text          0x000000000010c66a       0x4e /tools/riscv/lib/gcc/riscv32-unknown-elf/10.2.0/libgcc.a(floatunsidf.o)
                0x000000000010c66a                __floatunsidf
 .text          0x000000000010c6b8      0x24e /tools/riscv/lib/gcc/riscv32-unknown-elf/10.2.0/libgcc.a(divsf3.o)
                0x000000000010c6b8                __divsf3
 .text          0x000000000010c906       0x9a /tools/riscv/lib/gcc/riscv32-unknown-elf/10.2.0/libgcc.a(floatunsisf.o)
                0x000000000010c906                __floatunsisf
 .text          0x000000000010c9a0       0x96 /tools/riscv/lib/gcc/riscv32-unknown-elf/10.2.0/libgcc.a(extendsfdf2.o)
                0x000000000010c9a0                __extendsfdf2
 .text          0x000000000010ca36       0x3c /tools/riscv/lib/gcc/riscv32-unknown-elf/10.2.0/libgcc.a(_clzsi2.o)
                0x000000000010ca36                __clzsi2
 .text          0x000000000010ca72        0x0 /tools/riscv/lib/gcc/riscv32-unknown-elf/10.2.0/libgcc.a(_clz.o)
 *(.text.*)
 *fill*         0x000000000010ca72        0xe 
 .text.startup  0x000000000010ca80      0xde0 /tmp/ccX9HMX9.o
                0x000000000010ca80                main

.rodata         0x000000000010d860      0xa64
                0x000000000010d860                . = ALIGN (0x4)
 *(.srodata)
 .srodata       0x000000000010d860        0x4 /tmp/ccJdcys3.o
                0x000000000010d860                pcount_num
 *(.srodata.*)
 *fill*         0x000000000010d864        0x4 
 .srodata.cst8  0x000000000010d868        0x8 /tmp/ccX9HMX9.o
 .srodata.cst8  0x000000000010d870        0x8 /tmp/ccJdcys3.o
 .srodata.cst4  0x000000000010d878        0x4 /tmp/ccJdcys3.o
 *fill*         0x000000000010d87c        0x4 
 .srodata.cst8  0x000000000010d880       0x10 /tmp/ccByqIOI.o
                                         0x18 (size before relaxing)
 *(.rodata)
 .rodata        0x000000000010d890       0x40 /tmp/ccKzGhSS.o
 .rodata        0x000000000010d8d0       0x18 /tmp/ccxN6kys.o
 .rodata        0x000000000010d8e8      0x204 /tmp/ccCDmj1s.o
 .rodata        0x000000000010daec       0x3c /tools/riscv/lib/gcc/riscv32-unknown-elf/10.2.0/libgcc.a(divdf3.o)
 .rodata        0x000000000010db28       0x3c /tools/riscv/lib/gcc/riscv32-unknown-elf/10.2.0/libgcc.a(muldf3.o)
 .rodata        0x000000000010db64       0x3c /tools/riscv/lib/gcc/riscv32-unknown-elf/10.2.0/libgcc.a(divsf3.o)
 .rodata        0x000000000010dba0      0x100 /tools/riscv/lib/gcc/riscv32-unknown-elf/10.2.0/libgcc.a(_clz.o)
                0x000000000010dba0                __clz_tab
 *(.rodata.*)
 .rodata.str1.4
                0x000000000010dca0      0x3d6 /tmp/ccX9HMX9.o
                                        0x3de (size before relaxing)
 *fill*         0x000000000010e076        0x2 
 .rodata.str1.4
                0x000000000010e078       0xad /tmp/ccKzGhSS.o
 *fill*         0x000000000010e125        0x3 
 .rodata.str1.4
                0x000000000010e128      0x100 /tmp/ccJdcys3.o
                                        0x104 (size before relaxing)
 .rodata.str1.4
                0x000000000010e228       0x57 /tmp/ccCDmj1s.o
 *fill*         0x000000000010e27f        0x1 
 .rodata.str1.4
                0x000000000010e280       0x44 /tmp/ccRSZQf6.o

.rela.dyn       0x000000000010e2c4        0x0
 .rela.text     0x000000000010e2c4        0x0 /tmp/ccn7ocvr.o

.data           0x000000000010e2c4       0x44
                0x000000000010e2c4                . = ALIGN (0x4)
 *(.sdata)
 .sdata         0x000000000010e2c4        0xc /tmp/ccJdcys3.o
                0x000000000010e2c4                default_num_contexts
                0x000000000010e2c8                seed4_volatile
                0x000000000010e2cc                seed3_volatile
 *(.sdata.*)
 *(.data)
 .data          0x000000000010e2d0        0x0 /tmp/ccn7ocvr.o
 .data          0x000000000010e2d0        0xc /tmp/ccX9HMX9.o
                0x000000000010e2d0                mem_name
 .data          0x000000000010e2dc        0x0 /tmp/ccbRxZWS.o
 .data          0x000000000010e2dc        0x0 /tmp/ccKzGhSS.o
 .data          0x000000000010e2dc        0x0 /tmp/ccxN6kys.o
 .data          0x000000000010e2dc       0x2c /tmp/ccJdcys3.o
                0x000000000010e2dc                pcount_names
 .data          0x000000000010e308        0x0 /tmp/ccCDmj1s.o
 .data          0x000000000010e308        0x0 /tmp/ccByqIOI.o
 .data          0x000000000010e308        0x0 /tmp/ccH5YVmS.o
 .data          0x000000000010e308        0x0 /tmp/ccRSZQf6.o
 .data          0x000000000010e308        0x0 /tools/riscv/lib/gcc/riscv32-unknown-elf/10.2.0/../../../../riscv32-unknown-elf/lib/libm.a(lib_a-s_modf.o)
 .data          0x000000000010e308        0x0 /tools/riscv/lib/gcc/riscv32-unknown-elf/10.2.0/../../../../riscv32-unknown-elf/lib/libm.a(lib_a-s_fpclassify.o)
 .data          0x000000000010e308        0x0 /tools/riscv/lib/gcc/riscv32-unknown-elf/10.2.0/libgcc.a(adddf3.o)
 .data          0x000000000010e308        0x0 /tools/riscv/lib/gcc/riscv32-unknown-elf/10.2.0/libgcc.a(divdf3.o)
 .data          0x000000000010e308        0x0 /tools/riscv/lib/gcc/riscv32-unknown-elf/10.2.0/libgcc.a(eqdf2.o)
 .data          0x000000000010e308        0x0 /tools/riscv/lib/gcc/riscv32-unknown-elf/10.2.0/libgcc.a(gedf2.o)
 .data          0x000000000010e308        0x0 /tools/riscv/lib/gcc/riscv32-unknown-elf/10.2.0/libgcc.a(ledf2.o)
 .data          0x000000000010e308        0x0 /tools/riscv/lib/gcc/riscv32-unknown-elf/10.2.0/libgcc.a(muldf3.o)
 .data          0x000000000010e308        0x0 /tools/riscv/lib/gcc/riscv32-unknown-elf/10.2.0/libgcc.a(subdf3.o)
 .data          0x000000000010e308        0x0 /tools/riscv/lib/gcc/riscv32-unknown-elf/10.2.0/libgcc.a(fixdfsi.o)
 .data          0x000000000010e308        0x0 /tools/riscv/lib/gcc/riscv32-unknown-elf/10.2.0/libgcc.a(fixunsdfsi.o)
 .data          0x000000000010e308        0x0 /tools/riscv/lib/gcc/riscv32-unknown-elf/10.2.0/libgcc.a(floatunsidf.o)
 .data          0x000000000010e308        0x0 /tools/riscv/lib/gcc/riscv32-unknown-elf/10.2.0/libgcc.a(divsf3.o)
 .data          0x000000000010e308        0x0 /tools/riscv/lib/gcc/riscv32-unknown-elf/10.2.0/libgcc.a(floatunsisf.o)
 .data          0x000000000010e308        0x0 /tools/riscv/lib/gcc/riscv32-unknown-elf/10.2.0/libgcc.a(extendsfdf2.o)
 .data          0x000000000010e308        0x0 /tools/riscv/lib/gcc/riscv32-unknown-elf/10.2.0/libgcc.a(_clzsi2.o)
 .data          0x000000000010e308        0x0 /tools/riscv/lib/gcc/riscv32-unknown-elf/10.2.0/libgcc.a(_clz.o)
 *(.data.*)

.bss            0x000000000010e308       0x78
                0x000000000010e308                . = ALIGN (0x4)
                0x000000000010e308                _bss_start = .
 *(.sbss)
 .sbss          0x000000000010e308       0x14 /tmp/ccJdcys3.o
                0x000000000010e310                seed5_volatile
                0x000000000010e314                seed2_volatile
                0x000000000010e318                seed1_volatile
 *fill*         0x000000000010e31c        0x4 
 .sbss          0x000000000010e320       0x10 /tmp/ccRSZQf6.o
                0x000000000010e320                time_increment
                0x000000000010e328                time_elapsed
 *(.sbss.*)
 *(.bss)
 .bss           0x000000000010e330        0x0 /tmp/ccn7ocvr.o
 .bss           0x000000000010e330        0x0 /tmp/ccX9HMX9.o
 .bss           0x000000000010e330        0x0 /tmp/ccbRxZWS.o
 .bss           0x000000000010e330        0x0 /tmp/ccKzGhSS.o
 .bss           0x000000000010e330        0x0 /tmp/ccxN6kys.o
 .bss           0x000000000010e330        0x0 /tmp/ccJdcys3.o
 .bss           0x000000000010e330        0x0 /tmp/ccCDmj1s.o
 .bss           0x000000000010e330       0x50 /tmp/ccByqIOI.o
 .bss           0x000000000010e380        0x0 /tmp/ccH5YVmS.o
 .bss           0x000000000010e380        0x0 /tmp/ccRSZQf6.o
 .bss           0x000000000010e380        0x0 /tools/riscv/lib/gcc/riscv32-unknown-elf/10.2.0/../../../../riscv32-unknown-elf/lib/libm.a(lib_a-s_modf.o)
 .bss           0x000000000010e380        0x0 /tools/riscv/lib/gcc/riscv32-unknown-elf/10.2.0/../../../../riscv32-unknown-elf/lib/libm.a(lib_a-s_fpclassify.o)
 .bss           0x000000000010e380        0x0 /tools/riscv/lib/gcc/riscv32-unknown-elf/10.2.0/libgcc.a(adddf3.o)
 .bss           0x000000000010e380        0x0 /tools/riscv/lib/gcc/riscv32-unknown-elf/10.2.0/libgcc.a(divdf3.o)
 .bss           0x000000000010e380        0x0 /tools/riscv/lib/gcc/riscv32-unknown-elf/10.2.0/libgcc.a(eqdf2.o)
 .bss           0x000000000010e380        0x0 /tools/riscv/lib/gcc/riscv32-unknown-elf/10.2.0/libgcc.a(gedf2.o)
 .bss           0x000000000010e380        0x0 /tools/riscv/lib/gcc/riscv32-unknown-elf/10.2.0/libgcc.a(ledf2.o)
 .bss           0x000000000010e380        0x0 /tools/riscv/lib/gcc/riscv32-unknown-elf/10.2.0/libgcc.a(muldf3.o)
 .bss           0x000000000010e380        0x0 /tools/riscv/lib/gcc/riscv32-unknown-elf/10.2.0/libgcc.a(subdf3.o)
 .bss           0x000000000010e380        0x0 /tools/riscv/lib/gcc/riscv32-unknown-elf/10.2.0/libgcc.a(fixdfsi.o)
 .bss           0x000000000010e380        0x0 /tools/riscv/lib/gcc/riscv32-unknown-elf/10.2.0/libgcc.a(fixunsdfsi.o)
 .bss           0x000000000010e380        0x0 /tools/riscv/lib/gcc/riscv32-unknown-elf/10.2.0/libgcc.a(floatunsidf.o)
 .bss           0x000000000010e380        0x0 /tools/riscv/lib/gcc/riscv32-unknown-elf/10.2.0/libgcc.a(divsf3.o)
 .bss           0x000000000010e380        0x0 /tools/riscv/lib/gcc/riscv32-unknown-elf/10.2.0/libgcc.a(floatunsisf.o)
 .bss           0x000000000010e380        0x0 /tools/riscv/lib/gcc/riscv32-unknown-elf/10.2.0/libgcc.a(extendsfdf2.o)
 .bss           0x000000000010e380        0x0 /tools/riscv/lib/gcc/riscv32-unknown-elf/10.2.0/libgcc.a(_clzsi2.o)
 .bss           0x000000000010e380        0x0 /tools/riscv/lib/gcc/riscv32-unknown-elf/10.2.0/libgcc.a(_clz.o)
 *(.bss.*)
 *(COMMON)
                0x000000000010e380                _bss_end = .

.stack          0x0000000000130000     0x2000
                0x0000000000130000                . = ALIGN (0x4)
                0x0000000000132000                . = (. + _min_stack)
 *fill*         0x0000000000130000     0x2000 
                0x0000000000132000                . = ALIGN (0x4)
                0x0000000000132000                stack = .
                0x0000000000132000                _stack = .
OUTPUT(/home/merkelj/spr26/ibex/examples/sw/benchmarks/coremark/coremark.elf elf32-littleriscv)

.debug_info     0x0000000000000000     0x8776
 .debug_info    0x0000000000000000     0x111f /tmp/ccn7ocvr.o
 .debug_info    0x000000000000111f      0xcb9 /tmp/ccX9HMX9.o
 .debug_info    0x0000000000001dd8      0xb13 /tmp/ccbRxZWS.o
 .debug_info    0x00000000000028eb      0x56a /tmp/ccKzGhSS.o
 .debug_info    0x0000000000002e55      0x566 /tmp/ccxN6kys.o
 .debug_info    0x00000000000033bb      0x5f5 /tmp/ccJdcys3.o
 .debug_info    0x00000000000039b0      0xa7a /tmp/ccCDmj1s.o
 .debug_info    0x000000000000442a      0x6aa /tmp/ccByqIOI.o
 .debug_info    0x0000000000004ad4       0x22 /tmp/ccH5YVmS.o
 .debug_info    0x0000000000004af6      0x7ad /tmp/ccRSZQf6.o
 .debug_info    0x00000000000052a3      0x24a /tools/riscv/lib/gcc/riscv32-unknown-elf/10.2.0/../../../../riscv32-unknown-elf/lib/libm.a(lib_a-s_modf.o)
 .debug_info    0x00000000000054ed      0x140 /tools/riscv/lib/gcc/riscv32-unknown-elf/10.2.0/../../../../riscv32-unknown-elf/lib/libm.a(lib_a-s_fpclassify.o)
 .debug_info    0x000000000000562d      0x581 /tools/riscv/lib/gcc/riscv32-unknown-elf/10.2.0/libgcc.a(adddf3.o)
 .debug_info    0x0000000000005bae      0x72a /tools/riscv/lib/gcc/riscv32-unknown-elf/10.2.0/libgcc.a(divdf3.o)
 .debug_info    0x00000000000062d8      0x255 /tools/riscv/lib/gcc/riscv32-unknown-elf/10.2.0/libgcc.a(eqdf2.o)
 .debug_info    0x000000000000652d      0x253 /tools/riscv/lib/gcc/riscv32-unknown-elf/10.2.0/libgcc.a(gedf2.o)
 .debug_info    0x0000000000006780      0x253 /tools/riscv/lib/gcc/riscv32-unknown-elf/10.2.0/libgcc.a(ledf2.o)
 .debug_info    0x00000000000069d3      0x766 /tools/riscv/lib/gcc/riscv32-unknown-elf/10.2.0/libgcc.a(muldf3.o)
 .debug_info    0x0000000000007139      0x581 /tools/riscv/lib/gcc/riscv32-unknown-elf/10.2.0/libgcc.a(subdf3.o)
 .debug_info    0x00000000000076ba      0x1e7 /tools/riscv/lib/gcc/riscv32-unknown-elf/10.2.0/libgcc.a(fixdfsi.o)
 .debug_info    0x00000000000078a1      0x1d5 /tools/riscv/lib/gcc/riscv32-unknown-elf/10.2.0/libgcc.a(fixunsdfsi.o)
 .debug_info    0x0000000000007a76      0x28e /tools/riscv/lib/gcc/riscv32-unknown-elf/10.2.0/libgcc.a(floatunsidf.o)
 .debug_info    0x0000000000007d04      0x3a3 /tools/riscv/lib/gcc/riscv32-unknown-elf/10.2.0/libgcc.a(divsf3.o)
 .debug_info    0x00000000000080a7      0x229 /tools/riscv/lib/gcc/riscv32-unknown-elf/10.2.0/libgcc.a(floatunsisf.o)
 .debug_info    0x00000000000082d0      0x28b /tools/riscv/lib/gcc/riscv32-unknown-elf/10.2.0/libgcc.a(extendsfdf2.o)
 .debug_info    0x000000000000855b      0x144 /tools/riscv/lib/gcc/riscv32-unknown-elf/10.2.0/libgcc.a(_clzsi2.o)
 .debug_info    0x000000000000869f       0xd7 /tools/riscv/lib/gcc/riscv32-unknown-elf/10.2.0/libgcc.a(_clz.o)

.debug_abbrev   0x0000000000000000     0x2908
 .debug_abbrev  0x0000000000000000      0x2cd /tmp/ccn7ocvr.o
 .debug_abbrev  0x00000000000002cd      0x1e8 /tmp/ccX9HMX9.o
 .debug_abbrev  0x00000000000004b5      0x214 /tmp/ccbRxZWS.o
 .debug_abbrev  0x00000000000006c9      0x209 /tmp/ccKzGhSS.o
 .debug_abbrev  0x00000000000008d2      0x175 /tmp/ccxN6kys.o
 .debug_abbrev  0x0000000000000a47      0x2b7 /tmp/ccJdcys3.o
 .debug_abbrev  0x0000000000000cfe      0x2f1 /tmp/ccCDmj1s.o
 .debug_abbrev  0x0000000000000fef      0x126 /tmp/ccByqIOI.o
 .debug_abbrev  0x0000000000001115       0x12 /tmp/ccH5YVmS.o
 .debug_abbrev  0x0000000000001127      0x25c /tmp/ccRSZQf6.o
 .debug_abbrev  0x0000000000001383      0x135 /tools/riscv/lib/gcc/riscv32-unknown-elf/10.2.0/../../../../riscv32-unknown-elf/lib/libm.a(lib_a-s_modf.o)
 .debug_abbrev  0x00000000000014b8       0xd8 /tools/riscv/lib/gcc/riscv32-unknown-elf/10.2.0/../../../../riscv32-unknown-elf/lib/libm.a(lib_a-s_fpclassify.o)
 .debug_abbrev  0x0000000000001590      0x173 /tools/riscv/lib/gcc/riscv32-unknown-elf/10.2.0/libgcc.a(adddf3.o)
 .debug_abbrev  0x0000000000001703      0x173 /tools/riscv/lib/gcc/riscv32-unknown-elf/10.2.0/libgcc.a(divdf3.o)
 .debug_abbrev  0x0000000000001876      0x14b /tools/riscv/lib/gcc/riscv32-unknown-elf/10.2.0/libgcc.a(eqdf2.o)
 .debug_abbrev  0x00000000000019c1      0x15e /tools/riscv/lib/gcc/riscv32-unknown-elf/10.2.0/libgcc.a(gedf2.o)
 .debug_abbrev  0x0000000000001b1f      0x15e /tools/riscv/lib/gcc/riscv32-unknown-elf/10.2.0/libgcc.a(ledf2.o)
 .debug_abbrev  0x0000000000001c7d      0x185 /tools/riscv/lib/gcc/riscv32-unknown-elf/10.2.0/libgcc.a(muldf3.o)
 .debug_abbrev  0x0000000000001e02      0x173 /tools/riscv/lib/gcc/riscv32-unknown-elf/10.2.0/libgcc.a(subdf3.o)
 .debug_abbrev  0x0000000000001f75      0x15e /tools/riscv/lib/gcc/riscv32-unknown-elf/10.2.0/libgcc.a(fixdfsi.o)
 .debug_abbrev  0x00000000000020d3      0x15e /tools/riscv/lib/gcc/riscv32-unknown-elf/10.2.0/libgcc.a(fixunsdfsi.o)
 .debug_abbrev  0x0000000000002231      0x164 /tools/riscv/lib/gcc/riscv32-unknown-elf/10.2.0/libgcc.a(floatunsidf.o)
 .debug_abbrev  0x0000000000002395      0x14c /tools/riscv/lib/gcc/riscv32-unknown-elf/10.2.0/libgcc.a(divsf3.o)
 .debug_abbrev  0x00000000000024e1      0x195 /tools/riscv/lib/gcc/riscv32-unknown-elf/10.2.0/libgcc.a(floatunsisf.o)
 .debug_abbrev  0x0000000000002676      0x158 /tools/riscv/lib/gcc/riscv32-unknown-elf/10.2.0/libgcc.a(extendsfdf2.o)
 .debug_abbrev  0x00000000000027ce       0xca /tools/riscv/lib/gcc/riscv32-unknown-elf/10.2.0/libgcc.a(_clzsi2.o)
 .debug_abbrev  0x0000000000002898       0x70 /tools/riscv/lib/gcc/riscv32-unknown-elf/10.2.0/libgcc.a(_clz.o)

.debug_loc      0x0000000000000000    0x11fee
 .debug_loc     0x0000000000000000     0x2ce2 /tmp/ccn7ocvr.o
 .debug_loc     0x0000000000002ce2      0x67e /tmp/ccX9HMX9.o
 .debug_loc     0x0000000000003360     0x1e0d /tmp/ccbRxZWS.o
 .debug_loc     0x000000000000516d      0x95a /tmp/ccKzGhSS.o
 .debug_loc     0x0000000000005ac7     0x14d2 /tmp/ccxN6kys.o
 .debug_loc     0x0000000000006f99      0x238 /tmp/ccJdcys3.o
 .debug_loc     0x00000000000071d1     0x39ef /tmp/ccCDmj1s.o
 .debug_loc     0x000000000000abc0      0xa8b /tmp/ccByqIOI.o
 .debug_loc     0x000000000000b64b      0xf32 /tmp/ccRSZQf6.o
 .debug_loc     0x000000000000c57d      0x2d0 /tools/riscv/lib/gcc/riscv32-unknown-elf/10.2.0/../../../../riscv32-unknown-elf/lib/libm.a(lib_a-s_modf.o)
 .debug_loc     0x000000000000c84d       0x9a /tools/riscv/lib/gcc/riscv32-unknown-elf/10.2.0/../../../../riscv32-unknown-elf/lib/libm.a(lib_a-s_fpclassify.o)
 .debug_loc     0x000000000000c8e7     0x11ec /tools/riscv/lib/gcc/riscv32-unknown-elf/10.2.0/libgcc.a(adddf3.o)
 .debug_loc     0x000000000000dad3     0x1494 /tools/riscv/lib/gcc/riscv32-unknown-elf/10.2.0/libgcc.a(divdf3.o)
 .debug_loc     0x000000000000ef67       0xa4 /tools/riscv/lib/gcc/riscv32-unknown-elf/10.2.0/libgcc.a(eqdf2.o)
 .debug_loc     0x000000000000f00b      0x135 /tools/riscv/lib/gcc/riscv32-unknown-elf/10.2.0/libgcc.a(gedf2.o)
 .debug_loc     0x000000000000f140      0x135 /tools/riscv/lib/gcc/riscv32-unknown-elf/10.2.0/libgcc.a(ledf2.o)
 .debug_loc     0x000000000000f275      0xd56 /tools/riscv/lib/gcc/riscv32-unknown-elf/10.2.0/libgcc.a(muldf3.o)
 .debug_loc     0x000000000000ffcb     0x114d /tools/riscv/lib/gcc/riscv32-unknown-elf/10.2.0/libgcc.a(subdf3.o)
 .debug_loc     0x0000000000011118      0x181 /tools/riscv/lib/gcc/riscv32-unknown-elf/10.2.0/libgcc.a(fixdfsi.o)
 .debug_loc     0x0000000000011299       0xe7 /tools/riscv/lib/gcc/riscv32-unknown-elf/10.2.0/libgcc.a(fixunsdfsi.o)
 .debug_loc     0x0000000000011380      0x14f /tools/riscv/lib/gcc/riscv32-unknown-elf/10.2.0/libgcc.a(floatunsidf.o)
 .debug_loc     0x00000000000114cf      0x74d /tools/riscv/lib/gcc/riscv32-unknown-elf/10.2.0/libgcc.a(divsf3.o)
 .debug_loc     0x0000000000011c1c      0x165 /tools/riscv/lib/gcc/riscv32-unknown-elf/10.2.0/libgcc.a(floatunsisf.o)
 .debug_loc     0x0000000000011d81      0x202 /tools/riscv/lib/gcc/riscv32-unknown-elf/10.2.0/libgcc.a(extendsfdf2.o)
 .debug_loc     0x0000000000011f83       0x6b /tools/riscv/lib/gcc/riscv32-unknown-elf/10.2.0/libgcc.a(_clzsi2.o)

.debug_aranges  0x0000000000000000      0x368
 .debug_aranges
                0x0000000000000000       0x20 /tmp/ccn7ocvr.o
 .debug_aranges
                0x0000000000000020       0x28 /tmp/ccX9HMX9.o
 .debug_aranges
                0x0000000000000048       0x20 /tmp/ccbRxZWS.o
 .debug_aranges
                0x0000000000000068       0x20 /tmp/ccKzGhSS.o
 .debug_aranges
                0x0000000000000088       0x20 /tmp/ccxN6kys.o
 .debug_aranges
                0x00000000000000a8       0x20 /tmp/ccJdcys3.o
 .debug_aranges
                0x00000000000000c8       0x20 /tmp/ccCDmj1s.o
 .debug_aranges
                0x00000000000000e8       0x20 /tmp/ccByqIOI.o
 .debug_aranges
                0x0000000000000108       0x28 /tmp/ccH5YVmS.o
 .debug_aranges
                0x0000000000000130       0x20 /tmp/ccRSZQf6.o
 .debug_aranges
                0x0000000000000150       0x20 /tools/riscv/lib/gcc/riscv32-unknown-elf/10.2.0/../../../../riscv32-unknown-elf/lib/libm.a(lib_a-s_modf.o)
 .debug_aranges
                0x0000000000000170       0x20 /tools/riscv/lib/gcc/riscv32-unknown-elf/10.2.0/../../../../riscv32-unknown-elf/lib/libm.a(lib_a-s_fpclassify.o)
 .debug_aranges
                0x0000000000000190       0x20 /tools/riscv/lib/gcc/riscv32-unknown-elf/10.2.0/libgcc.a(adddf3.o)
 .debug_aranges
                0x00000000000001b0       0x20 /tools/riscv/lib/gcc/riscv32-unknown-elf/10.2.0/libgcc.a(divdf3.o)
 .debug_aranges
                0x00000000000001d0       0x20 /tools/riscv/lib/gcc/riscv32-unknown-elf/10.2.0/libgcc.a(eqdf2.o)
 .debug_aranges
                0x00000000000001f0       0x20 /tools/riscv/lib/gcc/riscv32-unknown-elf/10.2.0/libgcc.a(gedf2.o)
 .debug_aranges
                0x0000000000000210       0x20 /tools/riscv/lib/gcc/riscv32-unknown-elf/10.2.0/libgcc.a(ledf2.o)
 .debug_aranges
                0x0000000000000230       0x20 /tools/riscv/lib/gcc/riscv32-unknown-elf/10.2.0/libgcc.a(muldf3.o)
 .debug_aranges
                0x0000000000000250       0x20 /tools/riscv/lib/gcc/riscv32-unknown-elf/10.2.0/libgcc.a(subdf3.o)
 .debug_aranges
                0x0000000000000270       0x20 /tools/riscv/lib/gcc/riscv32-unknown-elf/10.2.0/libgcc.a(fixdfsi.o)
 .debug_aranges
                0x0000000000000290       0x20 /tools/riscv/lib/gcc/riscv32-unknown-elf/10.2.0/libgcc.a(fixunsdfsi.o)
 .debug_aranges
                0x00000000000002b0       0x20 /tools/riscv/lib/gcc/riscv32-unknown-elf/10.2.0/libgcc.a(floatunsidf.o)
 .debug_aranges
                0x00000000000002d0       0x20 /tools/riscv/lib/gcc/riscv32-unknown-elf/10.2.0/libgcc.a(divsf3.o)
 .debug_aranges
                0x00000000000002f0       0x20 /tools/riscv/lib/gcc/riscv32-unknown-elf/10.2.0/libgcc.a(floatunsisf.o)
 .debug_aranges
                0x0000000000000310       0x20 /tools/riscv/lib/gcc/riscv32-unknown-elf/10.2.0/libgcc.a(extendsfdf2.o)
 .debug_aranges
                0x0000000000000330       0x20 /tools/riscv/lib/gcc/riscv32-unknown-elf/10.2.0/libgcc.a(_clzsi2.o)
 .debug_aranges
                0x0000000000000350       0x18 /tools/riscv/lib/gcc/riscv32-unknown-elf/10.2.0/libgcc.a(_clz.o)

.debug_ranges   0x0000000000000000     0x2208
 .debug_ranges  0x0000000000000000      0x430 /tmp/ccn7ocvr.o
 .debug_ranges  0x0000000000000430       0xb0 /tmp/ccX9HMX9.o
 .debug_ranges  0x00000000000004e0      0x2c8 /tmp/ccbRxZWS.o
 .debug_ranges  0x00000000000007a8      0x208 /tmp/ccKzGhSS.o
 .debug_ranges  0x00000000000009b0      0x1a8 /tmp/ccxN6kys.o
 .debug_ranges  0x0000000000000b58       0x30 /tmp/ccJdcys3.o
 .debug_ranges  0x0000000000000b88      0x248 /tmp/ccCDmj1s.o
 .debug_ranges  0x0000000000000dd0       0x20 /tmp/ccH5YVmS.o
 .debug_ranges  0x0000000000000df0      0x8e0 /tmp/ccRSZQf6.o
 .debug_ranges  0x00000000000016d0       0x30 /tools/riscv/lib/gcc/riscv32-unknown-elf/10.2.0/../../../../riscv32-unknown-elf/lib/libm.a(lib_a-s_modf.o)
 .debug_ranges  0x0000000000001700      0x248 /tools/riscv/lib/gcc/riscv32-unknown-elf/10.2.0/libgcc.a(adddf3.o)
 .debug_ranges  0x0000000000001948      0x198 /tools/riscv/lib/gcc/riscv32-unknown-elf/10.2.0/libgcc.a(divdf3.o)
 .debug_ranges  0x0000000000001ae0       0x48 /tools/riscv/lib/gcc/riscv32-unknown-elf/10.2.0/libgcc.a(eqdf2.o)
 .debug_ranges  0x0000000000001b28       0x50 /tools/riscv/lib/gcc/riscv32-unknown-elf/10.2.0/libgcc.a(gedf2.o)
 .debug_ranges  0x0000000000001b78       0x50 /tools/riscv/lib/gcc/riscv32-unknown-elf/10.2.0/libgcc.a(ledf2.o)
 .debug_ranges  0x0000000000001bc8      0x1e0 /tools/riscv/lib/gcc/riscv32-unknown-elf/10.2.0/libgcc.a(muldf3.o)
 .debug_ranges  0x0000000000001da8      0x250 /tools/riscv/lib/gcc/riscv32-unknown-elf/10.2.0/libgcc.a(subdf3.o)
 .debug_ranges  0x0000000000001ff8       0x18 /tools/riscv/lib/gcc/riscv32-unknown-elf/10.2.0/libgcc.a(fixdfsi.o)
 .debug_ranges  0x0000000000002010       0x20 /tools/riscv/lib/gcc/riscv32-unknown-elf/10.2.0/libgcc.a(fixunsdfsi.o)
 .debug_ranges  0x0000000000002030       0x70 /tools/riscv/lib/gcc/riscv32-unknown-elf/10.2.0/libgcc.a(floatunsidf.o)
 .debug_ranges  0x00000000000020a0       0xc0 /tools/riscv/lib/gcc/riscv32-unknown-elf/10.2.0/libgcc.a(divsf3.o)
 .debug_ranges  0x0000000000002160       0x50 /tools/riscv/lib/gcc/riscv32-unknown-elf/10.2.0/libgcc.a(floatunsisf.o)
 .debug_ranges  0x00000000000021b0       0x38 /tools/riscv/lib/gcc/riscv32-unknown-elf/10.2.0/libgcc.a(extendsfdf2.o)
 .debug_ranges  0x00000000000021e8       0x20 /tools/riscv/lib/gcc/riscv32-unknown-elf/10.2.0/libgcc.a(_clzsi2.o)

.debug_line     0x0000000000000000    0x223a0
 .debug_line    0x0000000000000000     0x38d2 /tmp/ccn7ocvr.o
 .debug_line    0x00000000000038d2     0x186d /tmp/ccX9HMX9.o
 .debug_line    0x000000000000513f     0x6924 /tmp/ccbRxZWS.o
 .debug_line    0x000000000000ba63     0x182e /tmp/ccKzGhSS.o
 .debug_line    0x000000000000d291     0x24c7 /tmp/ccxN6kys.o
 .debug_line    0x000000000000f758      0x4bc /tmp/ccJdcys3.o
 .debug_line    0x000000000000fc14     0x7c59 /tmp/ccCDmj1s.o
 .debug_line    0x000000000001786d     0x16f9 /tmp/ccByqIOI.o
 .debug_line    0x0000000000018f66      0x19b /tmp/ccH5YVmS.o
 .debug_line    0x0000000000019101     0x2ecf /tmp/ccRSZQf6.o
 .debug_line    0x000000000001bfd0      0x392 /tools/riscv/lib/gcc/riscv32-unknown-elf/10.2.0/../../../../riscv32-unknown-elf/lib/libm.a(lib_a-s_modf.o)
 .debug_line    0x000000000001c362      0x26a /tools/riscv/lib/gcc/riscv32-unknown-elf/10.2.0/../../../../riscv32-unknown-elf/lib/libm.a(lib_a-s_fpclassify.o)
 .debug_line    0x000000000001c5cc     0x102e /tools/riscv/lib/gcc/riscv32-unknown-elf/10.2.0/libgcc.a(adddf3.o)
 .debug_line    0x000000000001d5fa      0xf85 /tools/riscv/lib/gcc/riscv32-unknown-elf/10.2.0/libgcc.a(divdf3.o)
 .debug_line    0x000000000001e57f      0x26b /tools/riscv/lib/gcc/riscv32-unknown-elf/10.2.0/libgcc.a(eqdf2.o)
 .debug_line    0x000000000001e7ea      0x300 /tools/riscv/lib/gcc/riscv32-unknown-elf/10.2.0/libgcc.a(gedf2.o)
 .debug_line    0x000000000001eaea      0x300 /tools/riscv/lib/gcc/riscv32-unknown-elf/10.2.0/libgcc.a(ledf2.o)
 .debug_line    0x000000000001edea      0xdc0 /tools/riscv/lib/gcc/riscv32-unknown-elf/10.2.0/libgcc.a(muldf3.o)
 .debug_line    0x000000000001fbaa     0x1093 /tools/riscv/lib/gcc/riscv32-unknown-elf/10.2.0/libgcc.a(subdf3.o)
 .debug_line    0x0000000000020c3d      0x22f /tools/riscv/lib/gcc/riscv32-unknown-elf/10.2.0/libgcc.a(fixdfsi.o)
 .debug_line    0x0000000000020e6c      0x1c0 /tools/riscv/lib/gcc/riscv32-unknown-elf/10.2.0/libgcc.a(fixunsdfsi.o)
 .debug_line    0x000000000002102c      0x289 /tools/riscv/lib/gcc/riscv32-unknown-elf/10.2.0/libgcc.a(floatunsidf.o)
 .debug_line    0x00000000000212b5      0x85f /tools/riscv/lib/gcc/riscv32-unknown-elf/10.2.0/libgcc.a(divsf3.o)
 .debug_line    0x0000000000021b14      0x358 /tools/riscv/lib/gcc/riscv32-unknown-elf/10.2.0/libgcc.a(floatunsisf.o)
 .debug_line    0x0000000000021e6c      0x3c0 /tools/riscv/lib/gcc/riscv32-unknown-elf/10.2.0/libgcc.a(extendsfdf2.o)
 .debug_line    0x000000000002222c      0x100 /tools/riscv/lib/gcc/riscv32-unknown-elf/10.2.0/libgcc.a(_clzsi2.o)
 .debug_line    0x000000000002232c       0x74 /tools/riscv/lib/gcc/riscv32-unknown-elf/10.2.0/libgcc.a(_clz.o)

.debug_str      0x0000000000000000     0x1a80
 .debug_str     0x0000000000000000      0x448 /tmp/ccn7ocvr.o
                                        0x4bb (size before relaxing)
 .debug_str     0x0000000000000448      0x1a8 /tmp/ccX9HMX9.o
                                        0x47d (size before relaxing)
 .debug_str     0x00000000000005f0       0xab /tmp/ccbRxZWS.o
                                        0x2bc (size before relaxing)
 .debug_str     0x000000000000069b      0x117 /tmp/ccKzGhSS.o
                                        0x325 (size before relaxing)
 .debug_str     0x00000000000007b2       0x6a /tmp/ccxN6kys.o
                                        0x262 (size before relaxing)
 .debug_str     0x000000000000081c      0x134 /tmp/ccJdcys3.o
                                        0x41e (size before relaxing)
 .debug_str     0x0000000000000950      0x151 /tmp/ccCDmj1s.o
                                        0x333 (size before relaxing)
 .debug_str     0x0000000000000aa1       0x62 /tmp/ccByqIOI.o
                                        0x22d (size before relaxing)
 .debug_str     0x0000000000000b03       0x3a /tmp/ccH5YVmS.o
                                         0x69 (size before relaxing)
 .debug_str     0x0000000000000b3d      0x159 /tmp/ccRSZQf6.o
                                        0x304 (size before relaxing)
 .debug_str     0x0000000000000c96      0x166 /tools/riscv/lib/gcc/riscv32-unknown-elf/10.2.0/../../../../riscv32-unknown-elf/lib/libm.a(lib_a-s_modf.o)
                                        0x227 (size before relaxing)
 .debug_str     0x0000000000000dfc      0x120 /tools/riscv/lib/gcc/riscv32-unknown-elf/10.2.0/../../../../riscv32-unknown-elf/lib/libm.a(lib_a-s_fpclassify.o)
                                        0x203 (size before relaxing)
 .debug_str     0x0000000000000f1c      0x2aa /tools/riscv/lib/gcc/riscv32-unknown-elf/10.2.0/libgcc.a(adddf3.o)
                                        0x339 (size before relaxing)
 .debug_str     0x00000000000011c6      0x1f6 /tools/riscv/lib/gcc/riscv32-unknown-elf/10.2.0/libgcc.a(divdf3.o)
                                        0x3fb (size before relaxing)
 .debug_str     0x00000000000013bc       0x74 /tools/riscv/lib/gcc/riscv32-unknown-elf/10.2.0/libgcc.a(eqdf2.o)
                                        0x24a (size before relaxing)
 .debug_str     0x0000000000001430       0x79 /tools/riscv/lib/gcc/riscv32-unknown-elf/10.2.0/libgcc.a(gedf2.o)
                                        0x26e (size before relaxing)
 .debug_str     0x00000000000014a9       0x55 /tools/riscv/lib/gcc/riscv32-unknown-elf/10.2.0/libgcc.a(ledf2.o)
                                        0x26e (size before relaxing)
 .debug_str     0x00000000000014fe      0x173 /tools/riscv/lib/gcc/riscv32-unknown-elf/10.2.0/libgcc.a(muldf3.o)
                                        0x453 (size before relaxing)
 .debug_str     0x0000000000001671       0x4e /tools/riscv/lib/gcc/riscv32-unknown-elf/10.2.0/libgcc.a(subdf3.o)
                                        0x339 (size before relaxing)
 .debug_str     0x00000000000016bf       0x6a /tools/riscv/lib/gcc/riscv32-unknown-elf/10.2.0/libgcc.a(fixdfsi.o)
                                        0x247 (size before relaxing)
 .debug_str     0x0000000000001729       0x52 /tools/riscv/lib/gcc/riscv32-unknown-elf/10.2.0/libgcc.a(fixunsdfsi.o)
                                        0x246 (size before relaxing)
 .debug_str     0x000000000000177b       0x80 /tools/riscv/lib/gcc/riscv32-unknown-elf/10.2.0/libgcc.a(floatunsidf.o)
                                        0x2e3 (size before relaxing)
 .debug_str     0x00000000000017fb      0x12e /tools/riscv/lib/gcc/riscv32-unknown-elf/10.2.0/libgcc.a(divsf3.o)
                                        0x366 (size before relaxing)
 .debug_str     0x0000000000001929       0x68 /tools/riscv/lib/gcc/riscv32-unknown-elf/10.2.0/libgcc.a(floatunsisf.o)
                                        0x2c4 (size before relaxing)
 .debug_str     0x0000000000001991       0x60 /tools/riscv/lib/gcc/riscv32-unknown-elf/10.2.0/libgcc.a(extendsfdf2.o)
                                        0x274 (size before relaxing)
 .debug_str     0x00000000000019f1       0x8f /tools/riscv/lib/gcc/riscv32-unknown-elf/10.2.0/libgcc.a(_clzsi2.o)
                                        0x242 (size before relaxing)
 .debug_str     0x0000000000001a80      0x225 /tools/riscv/lib/gcc/riscv32-unknown-elf/10.2.0/libgcc.a(_clz.o)

.comment        0x0000000000000000       0x2e
 .comment       0x0000000000000000       0x2e /tmp/ccn7ocvr.o
                                         0x2f (size before relaxing)
 .comment       0x000000000000002e       0x2f /tmp/ccX9HMX9.o
 .comment       0x000000000000002e       0x2f /tmp/ccbRxZWS.o
 .comment       0x000000000000002e       0x2f /tmp/ccKzGhSS.o
 .comment       0x000000000000002e       0x2f /tmp/ccxN6kys.o
 .comment       0x000000000000002e       0x2f /tmp/ccJdcys3.o
 .comment       0x000000000000002e       0x2f /tmp/ccCDmj1s.o
 .comment       0x000000000000002e       0x2f /tmp/ccByqIOI.o
 .comment       0x000000000000002e       0x2f /tmp/ccRSZQf6.o
 .comment       0x000000000000002e       0x2f /tools/riscv/lib/gcc/riscv32-unknown-elf/10.2.0/../../../../riscv32-unknown-elf/lib/libm.a(lib_a-s_modf.o)
 .comment       0x000000000000002e       0x2f /tools/riscv/lib/gcc/riscv32-unknown-elf/10.2.0/../../../../riscv32-unknown-elf/lib/libm.a(lib_a-s_fpclassify.o)
 .comment       0x000000000000002e       0x2f /tools/riscv/lib/gcc/riscv32-unknown-elf/10.2.0/libgcc.a(adddf3.o)
 .comment       0x000000000000002e       0x2f /tools/riscv/lib/gcc/riscv32-unknown-elf/10.2.0/libgcc.a(divdf3.o)
 .comment       0x000000000000002e       0x2f /tools/riscv/lib/gcc/riscv32-unknown-elf/10.2.0/libgcc.a(eqdf2.o)
 .comment       0x000000000000002e       0x2f /tools/riscv/lib/gcc/riscv32-unknown-elf/10.2.0/libgcc.a(gedf2.o)
 .comment       0x000000000000002e       0x2f /tools/riscv/lib/gcc/riscv32-unknown-elf/10.2.0/libgcc.a(ledf2.o)
 .comment       0x000000000000002e       0x2f /tools/riscv/lib/gcc/riscv32-unknown-elf/10.2.0/libgcc.a(muldf3.o)
 .comment       0x000000000000002e       0x2f /tools/riscv/lib/gcc/riscv32-unknown-elf/10.2.0/libgcc.a(subdf3.o)
 .comment       0x000000000000002e       0x2f /tools/riscv/lib/gcc/riscv32-unknown-elf/10.2.0/libgcc.a(fixdfsi.o)
 .comment       0x000000000000002e       0x2f /tools/riscv/lib/gcc/riscv32-unknown-elf/10.2.0/libgcc.a(fixunsdfsi.o)
 .comment       0x000000000000002e       0x2f /tools/riscv/lib/gcc/riscv32-unknown-elf/10.2.0/libgcc.a(floatunsidf.o)
 .comment       0x000000000000002e       0x2f /tools/riscv/lib/gcc/riscv32-unknown-elf/10.2.0/libgcc.a(divsf3.o)
 .comment       0x000000000000002e       0x2f /tools/riscv/lib/gcc/riscv32-unknown-elf/10.2.0/libgcc.a(floatunsisf.o)
 .comment       0x000000000000002e       0x2f /tools/riscv/lib/gcc/riscv32-unknown-elf/10.2.0/libgcc.a(extendsfdf2.o)
 .comment       0x000000000000002e       0x2f /tools/riscv/lib/gcc/riscv32-unknown-elf/10.2.0/libgcc.a(_clzsi2.o)
 .comment       0x000000000000002e       0x2f /tools/riscv/lib/gcc/riscv32-unknown-elf/10.2.0/libgcc.a(_clz.o)

.riscv.attributes
                0x0000000000000000       0x2a
 .riscv.attributes
                0x0000000000000000       0x21 /tmp/ccn7ocvr.o
 .riscv.attributes
                0x0000000000000021       0x21 /tmp/ccX9HMX9.o
 .riscv.attributes
                0x0000000000000042       0x21 /tmp/ccbRxZWS.o
 .riscv.attributes
                0x0000000000000063       0x21 /tmp/ccKzGhSS.o
 .riscv.attributes
                0x0000000000000084       0x21 /tmp/ccxN6kys.o
 .riscv.attributes
                0x00000000000000a5       0x25 /tmp/ccJdcys3.o
 .riscv.attributes
                0x00000000000000ca       0x21 /tmp/ccCDmj1s.o
 .riscv.attributes
                0x00000000000000eb       0x21 /tmp/ccByqIOI.o
 .riscv.attributes
                0x000000000000010c       0x23 /tmp/ccH5YVmS.o
 .riscv.attributes
                0x000000000000012f       0x25 /tmp/ccRSZQf6.o
 .riscv.attributes
                0x0000000000000154       0x26 /tools/riscv/lib/gcc/riscv32-unknown-elf/10.2.0/../../../../riscv32-unknown-elf/lib/libm.a(lib_a-s_modf.o)
 .riscv.attributes
                0x000000000000017a       0x26 /tools/riscv/lib/gcc/riscv32-unknown-elf/10.2.0/../../../../riscv32-unknown-elf/lib/libm.a(lib_a-s_fpclassify.o)
 .riscv.attributes
                0x00000000000001a0       0x26 /tools/riscv/lib/gcc/riscv32-unknown-elf/10.2.0/libgcc.a(adddf3.o)
 .riscv.attributes
                0x00000000000001c6       0x26 /tools/riscv/lib/gcc/riscv32-unknown-elf/10.2.0/libgcc.a(divdf3.o)
 .riscv.attributes
                0x00000000000001ec       0x26 /tools/riscv/lib/gcc/riscv32-unknown-elf/10.2.0/libgcc.a(eqdf2.o)
 .riscv.attributes
                0x0000000000000212       0x26 /tools/riscv/lib/gcc/riscv32-unknown-elf/10.2.0/libgcc.a(gedf2.o)
 .riscv.attributes
                0x0000000000000238       0x26 /tools/riscv/lib/gcc/riscv32-unknown-elf/10.2.0/libgcc.a(ledf2.o)
 .riscv.attributes
                0x000000000000025e       0x26 /tools/riscv/lib/gcc/riscv32-unknown-elf/10.2.0/libgcc.a(muldf3.o)
 .riscv.attributes
                0x0000000000000284       0x26 /tools/riscv/lib/gcc/riscv32-unknown-elf/10.2.0/libgcc.a(subdf3.o)
 .riscv.attributes
                0x00000000000002aa       0x26 /tools/riscv/lib/gcc/riscv32-unknown-elf/10.2.0/libgcc.a(fixdfsi.o)
 .riscv.attributes
                0x00000000000002d0       0x26 /tools/riscv/lib/gcc/riscv32-unknown-elf/10.2.0/libgcc.a(fixunsdfsi.o)
 .riscv.attributes
                0x00000000000002f6       0x26 /tools/riscv/lib/gcc/riscv32-unknown-elf/10.2.0/libgcc.a(floatunsidf.o)
 .riscv.attributes
                0x000000000000031c       0x26 /tools/riscv/lib/gcc/riscv32-unknown-elf/10.2.0/libgcc.a(divsf3.o)
 .riscv.attributes
                0x0000000000000342       0x26 /tools/riscv/lib/gcc/riscv32-unknown-elf/10.2.0/libgcc.a(floatunsisf.o)
 .riscv.attributes
                0x0000000000000368       0x26 /tools/riscv/lib/gcc/riscv32-unknown-elf/10.2.0/libgcc.a(extendsfdf2.o)
 .riscv.attributes
                0x000000000000038e       0x26 /tools/riscv/lib/gcc/riscv32-unknown-elf/10.2.0/libgcc.a(_clzsi2.o)
 .riscv.attributes
                0x00000000000003b4       0x26 /tools/riscv/lib/gcc/riscv32-unknown-elf/10.2.0/libgcc.a(_clz.o)

.debug_frame    0x0000000000000000      0xbb0
 .debug_frame   0x0000000000000000      0x1a0 /tmp/ccn7ocvr.o
 .debug_frame   0x00000000000001a0       0x94 /tmp/ccX9HMX9.o
 .debug_frame   0x0000000000000234      0x1f4 /tmp/ccbRxZWS.o
 .debug_frame   0x0000000000000428       0x84 /tmp/ccKzGhSS.o
 .debug_frame   0x00000000000004ac       0x70 /tmp/ccxN6kys.o
 .debug_frame   0x000000000000051c       0xf8 /tmp/ccJdcys3.o
 .debug_frame   0x0000000000000614       0x90 /tmp/ccCDmj1s.o
 .debug_frame   0x00000000000006a4       0xa0 /tmp/ccByqIOI.o
 .debug_frame   0x0000000000000744      0x12c /tmp/ccRSZQf6.o
 .debug_frame   0x0000000000000870       0x40 /tools/riscv/lib/gcc/riscv32-unknown-elf/10.2.0/../../../../riscv32-unknown-elf/lib/libm.a(lib_a-s_modf.o)
 .debug_frame   0x00000000000008b0       0x20 /tools/riscv/lib/gcc/riscv32-unknown-elf/10.2.0/../../../../riscv32-unknown-elf/lib/libm.a(lib_a-s_fpclassify.o)
 .debug_frame   0x00000000000008d0       0x44 /tools/riscv/lib/gcc/riscv32-unknown-elf/10.2.0/libgcc.a(adddf3.o)
 .debug_frame   0x0000000000000914       0x58 /tools/riscv/lib/gcc/riscv32-unknown-elf/10.2.0/libgcc.a(divdf3.o)
 .debug_frame   0x000000000000096c       0x20 /tools/riscv/lib/gcc/riscv32-unknown-elf/10.2.0/libgcc.a(eqdf2.o)
 .debug_frame   0x000000000000098c       0x20 /tools/riscv/lib/gcc/riscv32-unknown-elf/10.2.0/libgcc.a(gedf2.o)
 .debug_frame   0x00000000000009ac       0x20 /tools/riscv/lib/gcc/riscv32-unknown-elf/10.2.0/libgcc.a(ledf2.o)
 .debug_frame   0x00000000000009cc       0x54 /tools/riscv/lib/gcc/riscv32-unknown-elf/10.2.0/libgcc.a(muldf3.o)
 .debug_frame   0x0000000000000a20       0x44 /tools/riscv/lib/gcc/riscv32-unknown-elf/10.2.0/libgcc.a(subdf3.o)
 .debug_frame   0x0000000000000a64       0x20 /tools/riscv/lib/gcc/riscv32-unknown-elf/10.2.0/libgcc.a(fixdfsi.o)
 .debug_frame   0x0000000000000a84       0x20 /tools/riscv/lib/gcc/riscv32-unknown-elf/10.2.0/libgcc.a(fixunsdfsi.o)
 .debug_frame   0x0000000000000aa4       0x34 /tools/riscv/lib/gcc/riscv32-unknown-elf/10.2.0/libgcc.a(floatunsidf.o)
 .debug_frame   0x0000000000000ad8       0x4c /tools/riscv/lib/gcc/riscv32-unknown-elf/10.2.0/libgcc.a(divsf3.o)
 .debug_frame   0x0000000000000b24       0x34 /tools/riscv/lib/gcc/riscv32-unknown-elf/10.2.0/libgcc.a(floatunsisf.o)
 .debug_frame   0x0000000000000b58       0x38 /tools/riscv/lib/gcc/riscv32-unknown-elf/10.2.0/libgcc.a(extendsfdf2.o)
 .debug_frame   0x0000000000000b90       0x20 /tools/riscv/lib/gcc/riscv32-unknown-elf/10.2.0/libgcc.a(_clzsi2.o)
