****************************************
Report : timing
        -path_type full
        -delay_type max
        -max_paths 1
        -report_by design
Design : alu_64bit_ref
Version: U-2022.12-SP6
Date   : Wed Feb  4 17:57:39 2026
****************************************
Information: Timer using 'Estimated Delay Calculation'. (TIM-050)

  Startpoint: Oper[2] (input port clocked by clk)
  Endpoint: sum[42] (output port clocked by clk)
  Mode: func
  Corner: ss0p95v125c
  Scenario: func.ss0p95v125c
  Path Group: FEEDTHROUGH
  Path Type: max

  Point                                            Incr      Path  
  ------------------------------------------------------------------------
  clock clk (rise edge)                            0.00      0.00
  clock network delay (ideal)                      0.55      0.55
  input external delay                             0.50      1.05 r
  Oper[2] (in)                                     0.00      1.05 r
  ctmTdsLR_2_1917/Y (OR2X1_LVT)                    0.05      1.10 r
  ctmTdsLR_1_1916/Y (NOR2X2_LVT)                   0.06      1.16 f
  HFSBUF_4092_1845/Y (NBUFFX8_LVT)                 0.05      1.20 f
  ctmi_2912/Y (AO22X1_LVT)                         0.06      1.26 f
  ctmTdsLR_2_1931/Y (INVX0_LVT)                    0.02      1.28 r
  ctmTdsLR_1_1930/Y (NAND4X0_LVT)                  0.05      1.33 f
  ctmi_1495/Y (INVX1_LVT)                          0.02      1.35 r
  ctmi_1493/Y (OAI21X2_LVT)                        0.07      1.43 f
  DP_OP_14_43174_27450_J1/ctmi_792/Y (AO21X1_LVT)
                                                   0.06      1.49 f
  ctmTdsLR_1_1978/Y (AO21X1_LVT)                   0.04      1.53 f
  DP_OP_14_43174_27450_J1/ctmi_773/Y (AO21X1_LVT)
                                                   0.06      1.59 f
  HFSBUF_478_1817/Y (NBUFFX16_LVT)                 0.05      1.63 f
  DP_OP_14_43174_27450_J1/ctmi_772/Y (AO21X2_LVT)
                                                   0.06      1.69 f
  HFSBUF_241_1818/Y (NBUFFX16_LVT)                 0.05      1.74 f
  DP_OP_14_43174_27450_J1/ctmi_1116/Y (AOI21X1_RVT)
                                                   0.08      1.82 r
  DP_OP_14_43174_27450_J1/ctmi_1113/Y (XNOR2X1_LVT)
                                                   0.08      1.89 r
  A674/Y (AO21X1_LVT)                              0.06      1.95 r
  sum[42] (out)                                    0.00      1.95 r
  data arrival time                                          1.95

  clock clk (rise edge)                            2.34      2.34
  clock network delay (ideal)                      0.50      2.84
  clock uncertainty                               -0.20      2.64
  output external delay                           -0.60      2.04
  data required time                                         2.04
  ------------------------------------------------------------------------
  data required time                                         2.04
  data arrival time                                         -1.95
  ------------------------------------------------------------------------
  slack (MET)                                                0.09


1
