****************************************
Report : timing
        -path_type full
        -delay_type max
        -max_paths 1
        -report_by design
Design : alu_64bit
Version: U-2022.12-SP6
Date   : Wed Feb  4 17:58:45 2026
****************************************
Information: Timer using 'Estimated Delay Calculation'. (TIM-050)

  Startpoint: Oper[2] (input port clocked by clk)
  Endpoint: sum[63] (output port clocked by clk)
  Mode: func
  Corner: ss0p95v125c
  Scenario: func.ss0p95v125c
  Path Group: FEEDTHROUGH
  Path Type: max

  Point                                            Incr      Path  
  ------------------------------------------------------------------------
  clock clk (rise edge)                            0.00      0.00
  clock network delay (ideal)                      0.55      0.55
  input external delay                             0.50      1.05 r
  Oper[2] (in)                                     0.00      1.05 r
  A3320/Y (INVX16_LVT)                             0.03      1.08 f
  A3268/Y (AND3X2_LVT)                             0.06      1.14 f
  HFSBUF_382_3630/Y (NBUFFX16_LVT)                 0.05      1.19 f
  A3275/Y (NAND2X0_RVT)                            0.04      1.22 r
  A3278/Y (AND3X1_LVT)                             0.05      1.27 r
  A3279/Y (OR2X1_LVT)                              0.05      1.33 r
  A3281/Y (AO21X1_LVT)                             0.07      1.39 r
  ctmi_2409/Y (AO21X2_LVT)                         0.07      1.46 r
  ctmi_2591/Y (AO21X1_LVT)                         0.06      1.52 r
  A3538/Y (AOI21X2_LVT)                            0.07      1.59 f
  HFSINV_648_3621/Y (INVX8_LVT)                    0.05      1.64 r
  ctmi_2589/Y (AO21X1_LVT)                         0.06      1.70 r
  ctmTdsLR_1_3710/Y (AO21X1_LVT)                   0.06      1.77 r
  ctmTdsLR_2_3711/Y (INVX1_LVT)                    0.01      1.78 f
  A3005/Y (NAND4X0_LVT)                            0.04      1.82 r
  HFSBUF_2_3614/Y (NBUFFX2_LVT)                    0.03      1.85 r
  sum[63] (out)                                    0.00      1.85 r
  data arrival time                                          1.85

  clock clk (rise edge)                            2.15      2.15
  clock network delay (ideal)                      0.50      2.65
  clock uncertainty                               -0.20      2.45
  output external delay                           -0.60      1.85
  data required time                                         1.85
  ------------------------------------------------------------------------
  data required time                                         1.85
  data arrival time                                         -1.85
  ------------------------------------------------------------------------
  slack (MET)                                                0.00


1
